Gallery CeedQFunction - Mass1DBuild
  2 input fields:
    Input field 0:
      Name: "dx"
      Size: 1
      EvalMode: "gradient"
    Input field 1:
      Name: "weights"
      Size: 1
      EvalMode: "quadrature weights"
  1 output field:
    Output field 0:
      Name: "qdata"
      Size: 1
      EvalMode: "none"

Gallery CeedQFunction - MassApply
  2 input fields:
    Input field 0:
      Name: "u"
      Size: 1
      EvalMode: "interpolation"
    Input field 1:
      Name: "qdata"
      Size: 1
      EvalMode: "none"
  1 output field:
    Output field 0:
      Name: "v"
      Size: 1
      EvalMode: "interpolation"

