User CeedQFunction - setup_mass
  2 input fields:
    Input field 0:
      Name: "w"
      Size: 1
      EvalMode: "quadrature weights"
    Input field 1:
      Name: "dx"
      Size: 1
      EvalMode: "gradient"
  1 output field:
    Output field 0:
      Name: "qdata"
      Size: 1
      EvalMode: "none"

User CeedQFunction - apply_mass
  2 input fields:
    Input field 0:
      Name: "qdata"
      Size: 1
      EvalMode: "none"
    Input field 1:
      Name: "u"
      Size: 1
      EvalMode: "interpolation"
  1 output field:
    Output field 0:
      Name: "v"
      Size: 1
      EvalMode: "interpolation"

CeedQFunctionContext
  Context Data Size: 40

