CeedVector length 10
   10.00000000
   11.00000000
   12.00000000
   13.00000000
   14.00000000
   15.00000000
   16.00000000
   17.00000000
   18.00000000
   19.00000000
