CeedVector length 20
   10.00000000
   11.00000000
   12.00000000
   13.00000000
   14.00000000
   11.00000000
   12.00000000
   13.00000000
   14.00000000
   15.00000000
   15.00000000
   16.00000000
   17.00000000
   17.00000000
   17.00000000
   16.00000000
   17.00000000
   18.00000000
   18.00000000
   18.00000000
CeedVector length 9
   10.00000000
   22.00000000
   24.00000000
   26.00000000
   28.00000000
   30.00000000
   32.00000000
   34.00000000
   18.00000000
