CeedVector length 10
   15.00000000
   16.00000000
   17.00000000
   17.00000000
   17.00000000
   16.00000000
   17.00000000
   18.00000000
   18.00000000
   18.00000000
CeedVector length 9
    0.00000000
    0.00000000
    0.00000000
    0.00000000
    0.00000000
   15.00000000
   32.00000000
   34.00000000
   18.00000000
