CeedElemRestriction from (4, 1) to 3 elements with 2 nodes each
