 -2.00000000
 -3.00000000
 -2.00000000
  0.33333333
 -5.00000000
  2.00000000
  0.33333333
  0.40000000
 -4.00000000
  0.33333333
 -0.20000000
 -0.50000000
  1.50000000
  1.66666667
  1.60000000
