 collograd1d[0]:	 -3.00000000	  4.04508497	 -1.54508497	  0.50000000
 collograd1d[1]:	 -0.80901699	  0.00000000	  1.11803399	 -0.30901699
 collograd1d[2]:	  0.30901699	 -1.11803399	  0.00000000	  0.80901699
 collograd1d[3]:	 -0.50000000	  1.54508497	 -4.04508497	  3.00000000
 collograd1d[0]:	 -3.33200024	  4.86015442	 -2.10878235	  0.58062817
 collograd1d[1]:	 -0.75755761	 -0.38441439	  1.47067023	 -0.32869822
 collograd1d[2]:	  0.32869822	 -1.47067023	  0.38441439	  0.75755761
 collograd1d[3]:	 -0.58062817	  2.10878235	 -4.86015442	  3.33200024
 collograd1d[0]:	 -3.46592188	  1.89221184	  2.88856261	 -0.64549009	 -1.79434637	  1.12498389
 collograd1d[1]:	 -1.80001352	  0.46288791	  1.30407559	  0.28647572	 -0.39349201	  0.14006630
 collograd1d[2]:	 -0.10371066	 -0.80402118	 -0.31095294	  0.88495577	  0.82906498	 -0.49533597
 collograd1d[3]:	  0.49533597	 -0.82906498	 -0.88495577	  0.31095294	  0.80402118	  0.10371066
 collograd1d[4]:	 -0.14006630	  0.39349201	 -0.28647572	 -1.30407559	 -0.46288791	  1.80001352
 collograd1d[5]:	 -1.12498389	  1.79434637	  0.64549009	 -2.88856261	 -1.89221184	  3.46592188
