 Q:
  0.14758817 -0.70710678 -0.69153289  0.00000000
  0.69153289  0.00000000  0.14758817 -0.70710678
 -0.69153289  0.00000000 -0.14758817 -0.70710678
 -0.14758817 -0.70710678  0.69153289  0.00000000
 lambda:
  0.86514837
  0.23333334
  0.13485163
  1.16666667
