 x:
  0.05302111  0.26927207  0.05794062 -0.23707347
 -0.22037988  0.00812219 -0.40643477 -0.13939473
  0.76479088 -0.31616829 -0.32893602 -0.26845682
 -0.33266299 -0.63589816  0.40680343 -0.69724094
 lambda:
  7.22175563
 -0.69137621
  2.56403206
 -0.00000002
