x x^T:
  5.71428571	 -0.63887657	  0.63887657	 -1.42857143	
 -0.63887657	  1.14285714	 -0.28571429	  0.63887657	
  0.63887657	 -0.28571429	  1.14285714	 -0.63887657	
 -1.42857143	  0.63887657	 -0.63887657	  5.71428571	
lambda:
 42.53122564
  2.46877438
 15.00000000
  0.00000000
