CeedBasis (H(curl) space on a triangle element): dim=2 P=8 Q=4
        qref:	  0.33333333	  0.20000000	  0.20000000	  0.60000000	  0.33333333	  0.20000000	  0.60000000	  0.20000000
     qweight:	 -0.26041667	  0.26041667	  0.28125000	  0.26041667
      interp[0]:	 -0.22222222	  0.44444444	  0.22222222	 -0.44444444	 -0.22222222	 -0.22222222	  2.66666667	  0.00000000
      interp[1]:	  0.08000000	  0.48000000	  0.56000000	 -0.48000000	  1.04000000	 -0.72000000	  2.24000000	 -0.64000000
      interp[2]:	  0.24000000	 -0.48000000	 -0.24000000	  0.48000000	 -0.56000000	 -0.56000000	  2.88000000	  0.00000000
      interp[3]:	 -0.56000000	  0.48000000	 -0.08000000	 -0.48000000	 -0.72000000	  1.04000000	  1.60000000	  0.64000000
      interp[4]:	 -0.44444444	  0.22222222	 -0.22222222	 -0.22222222	  0.22222222	 -0.44444444	  0.00000000	  2.66666667
      interp[5]:	 -0.48000000	 -0.08000000	  1.04000000	 -0.72000000	  0.56000000	 -0.48000000	 -0.64000000	  2.24000000
      interp[6]:	 -0.48000000	  0.56000000	 -0.72000000	  1.04000000	 -0.08000000	 -0.48000000	  0.64000000	  1.60000000
      interp[7]:	  0.48000000	 -0.24000000	 -0.56000000	 -0.56000000	 -0.24000000	  0.48000000	  0.00000000	  2.88000000
        curl[0]:	  2.00000000	  2.00000000	 -2.00000000	 -2.00000000	  2.00000000	  2.00000000	  0.00000000	  0.00000000
        curl[1]:	 -1.20000000	 -1.20000000	 -8.40000000	  1.20000000	  8.40000000	 -1.20000000	 -9.60000000	  9.60000000
        curl[2]:	 -1.20000000	  8.40000000	  1.20000000	 -8.40000000	 -1.20000000	 -1.20000000	  9.60000000	  9.60000000
        curl[3]:	  8.40000000	 -1.20000000	  1.20000000	  1.20000000	 -1.20000000	  8.40000000	  0.00000000	-19.20000000
