CeedBasis (H^1 space on a line element): dim=1 P=2 Q=3
        qref:	 -1.00000000	  0.00000000	  1.00000000
     qweight:	  0.33333334	  1.33333337	  0.33333334
      interp[0]:	  1.00000000	  0.00000000
      interp[1]:	  0.50000000	  0.50000000
      interp[2]:	  0.00000000	  1.00000000
        grad[0]:	 -0.50000000	  0.50000000
        grad[1]:	 -0.50000000	  0.50000000
        grad[2]:	 -0.50000000	  0.50000000
