Q: 
  0.69153918
 -0.70710678
  0.14755868
  0.00004347
 -0.14721060
  0.00047835
  0.69240821
 -0.70632831
  0.14790715
  0.00047882
 -0.69066919
 -0.70788369
 -0.69153892
 -0.70710646
 -0.14755804
 -0.00100064
lambda: 
  0.13487964
  0.23325338
  0.86513545
  1.16666509
