x: 
  1.68928908
  0.84673819
  0.51761264
  1.36958123
 -0.64827487
  0.54168848
  0.61211881
 -0.23257073
  0.64977850
 -0.54084624
  0.61207450
 -0.23180307
 -1.68991495
 -0.84558672
  0.51761799
  1.36951706
lambda: 
 42.52259582
  2.46897852
  0.00000001
 15.01838167
