CeedVector length 10
  15.000000
  16.000000
  17.000000
  17.000000
  17.000000
  16.000000
  17.000000
  18.000000
  18.000000
  18.000000

CeedVector length 9
  0.000000
  0.000000
  0.000000
  0.000000
  0.000000
  15.000000
  32.000000
  34.000000
  18.000000

