CeedVector length 20
  10.000000
  11.000000
  12.000000
  13.000000
  14.000000
  11.000000
  12.000000
  13.000000
  14.000000
  15.000000
  15.000000
  16.000000
  17.000000
  17.000000
  17.000000
  16.000000
  17.000000
  18.000000
  18.000000
  18.000000

CeedVector length 9
  10.000000
  22.000000
  24.000000
  26.000000
  28.000000
  30.000000
  32.000000
  34.000000
  18.000000

